// Jest Snapshot v1, https://goo.gl/fbAQLP

exports[`A pagina de configuração Deve ser renderizada corretamente 1`] = `
<div>
  <form>
    <input
      placeholder="Insira os nomes dos participantes"
      type="text"
      value=""
    />
    <button
      disabled=""
      type="submit"
    >
      Adicionar
    </button>
  </form>
  <ul />
  <ul />
  <footer>
    <button
      disabled=""
    >
      iniciar brincadeira!
    </button>
    <div />
  </footer>
</div>
`;
